[    0.000000] Initializing cgroup subsys cpuset
[    0.000000] Initializing cgroup subsys cpu
[    0.000000] Initializing cgroup subsys cpuacct
[    0.000000] Linux version 4.4.0-194-generic (buildd@lcy01-amd64-020) (gcc version 5.4.0 20160609 (Ubuntu 5.4.0-6ubuntu1~16.04.12) ) #226-Ubuntu SMP Wed Oct 21 10:19:36 UTC 2020 (Ubuntu 4.4.0-194.226-generic 4.4.236)
[    0.000000] Command line: BOOT_IMAGE=/boot/vmlinuz-4.4.0-194-generic root=LABEL=cloudimg-rootfs ro console=tty1 console=ttyS0
[    0.000000] KERNEL supported cpus:
[    0.000000]   Intel GenuineIntel
[    0.000000]   AMD AuthenticAMD
[    0.000000]   Centaur CentaurHauls
[    0.000000] x86/fpu: Legacy x87 FPU detected.
[    0.000000] e820: BIOS-provided physical RAM map:
[    0.000000] BIOS-e820: [mem 0x0000000000000000-0x000000000009fbff] usable
[    0.000000] BIOS-e820: [mem 0x000000000009fc00-0x000000000009ffff] reserved
[    0.000000] BIOS-e820: [mem 0x00000000000f0000-0x00000000000fffff] reserved
[    0.000000] BIOS-e820: [mem 0x0000000000100000-0x000000007ffeffff] usable
[    0.000000] BIOS-e820: [mem 0x000000007fff0000-0x000000007fffffff] ACPI data
[    0.000000] BIOS-e820: [mem 0x00000000fec00000-0x00000000fec00fff] reserved
[    0.000000] BIOS-e820: [mem 0x00000000fee00000-0x00000000fee00fff] reserved
[    0.000000] BIOS-e820: [mem 0x00000000fffc0000-0x00000000ffffffff] reserved
[    0.000000] NX (Execute Disable) protection: active
[    0.000000] SMBIOS 2.5 present.
[    0.000000] Hypervisor detected: KVM
[    0.000000] e820: last_pfn = 0x7fff0 max_arch_pfn = 0x400000000
[    0.000000] MTRR: Disabled
[    0.000000] x86/PAT: MTRRs disabled, skipping PAT initialization too.
[    0.000000] CPU MTRRs all blank - virtualized system.
[    0.000000] x86/PAT: Configuration [0-7]: WB  WT  UC- UC  WB  WT  UC- UC  
[    0.000000] found SMP MP-table at [mem 0x0009fff0-0x0009ffff] mapped at [ffff88000009fff0]
[    0.000000] Scanning 1 areas for low memory corruption
[    0.000000] RAMDISK: [mem 0x362e0000-0x37167fff]
[    0.000000] ACPI: Early table checksum verification disabled
[    0.000000] ACPI: RSDP 0x00000000000E0000 000024 (v02 VBOX  )
[    0.000000] ACPI: XSDT 0x000000007FFF0030 00003C (v01 VBOX   VBOXXSDT 00000001 ASL  00000061)
[    0.000000] ACPI: FACP 0x000000007FFF00F0 0000F4 (v04 VBOX   VBOXFACP 00000001 ASL  00000061)
[    0.000000] ACPI: DSDT 0x000000007FFF0480 002325 (v02 VBOX   VBOXBIOS 00000002 INTL 20100528)
[    0.000000] ACPI: FACS 0x000000007FFF0200 000040
[    0.000000] ACPI: FACS 0x000000007FFF0200 000040
[    0.000000] ACPI: APIC 0x000000007FFF0240 00006C (v02 VBOX   VBOXAPIC 00000001 ASL  00000061)
[    0.000000] ACPI: SSDT 0x000000007FFF02B0 0001CC (v01 VBOX   VBOXCPUT 00000002 INTL 20100528)
[    0.000000] No NUMA configuration found
[    0.000000] Faking a node at [mem 0x0000000000000000-0x000000007ffeffff]
[    0.000000] NODE_DATA(0) allocated [mem 0x7ffeb000-0x7ffeffff]
[    0.000000] kvm-clock: Using msrs 4b564d01 and 4b564d00
[    0.000000] kvm-clock: cpu 0, msr 0:7ffe3001, primary cpu clock
[    0.000000] kvm-clock: using sched offset of 4266240556 cycles
[    0.000000] clocksource: kvm-clock: mask: 0xffffffffffffffff max_cycles: 0x1cd42e4dffb, max_idle_ns: 881590591483 ns
[    0.000000] Zone ranges:
[    0.000000]   DMA      [mem 0x0000000000001000-0x0000000000ffffff]
[    0.000000]   DMA32    [mem 0x0000000001000000-0x000000007ffeffff]
[    0.000000]   Normal   empty
[    0.000000]   Device   empty
[    0.000000] Movable zone start for each node
[    0.000000] Early memory node ranges
[    0.000000]   node   0: [mem 0x0000000000001000-0x000000000009efff]
[    0.000000]   node   0: [mem 0x0000000000100000-0x000000007ffeffff]
[    0.000000] Initmem setup node 0 [mem 0x0000000000001000-0x000000007ffeffff]
[    0.000000] ACPI: PM-Timer IO Port: 0x4008
[    0.000000] IOAPIC[0]: apic_id 4, version 32, address 0xfec00000, GSI 0-23
[    0.000000] ACPI: INT_SRC_OVR (bus 0 bus_irq 0 global_irq 2 dfl dfl)
[    0.000000] ACPI: INT_SRC_OVR (bus 0 bus_irq 9 global_irq 9 low level)
[    0.000000] Using ACPI (MADT) for SMP configuration information
[    0.000000] smpboot: Allowing 4 CPUs, 0 hotplug CPUs
[    0.000000] PM: Registered nosave memory: [mem 0x00000000-0x00000fff]
[    0.000000] PM: Registered nosave memory: [mem 0x0009f000-0x0009ffff]
[    0.000000] PM: Registered nosave memory: [mem 0x000a0000-0x000effff]
[    0.000000] PM: Registered nosave memory: [mem 0x000f0000-0x000fffff]
[    0.000000] e820: [mem 0x80000000-0xfebfffff] available for PCI devices
[    0.000000] Booting paravirtualized kernel on KVM
[    0.000000] clocksource: refined-jiffies: mask: 0xffffffff max_cycles: 0xffffffff, max_idle_ns: 7645519600211568 ns
[    0.000000] setup_percpu: NR_CPUS:512 nr_cpumask_bits:512 nr_cpu_ids:4 nr_node_ids:1
[    0.000000] PERCPU: Embedded 33 pages/cpu @ffff88007fc00000 s95512 r8192 d31464 u524288
[    0.000000] Built 1 zonelists in Node order, mobility grouping on.  Total pages: 515960
[    0.000000] Policy zone: DMA32
[    0.000000] Kernel command line: BOOT_IMAGE=/boot/vmlinuz-4.4.0-194-generic root=LABEL=cloudimg-rootfs ro console=tty1 console=ttyS0
[    0.000000] PID hash table entries: 4096 (order: 3, 32768 bytes)
[    0.000000] Memory: 2029592K/2096696K available (8640K kernel code, 1337K rwdata, 4040K rodata, 1492K init, 1296K bss, 67104K reserved, 0K cma-reserved)
[    0.000000] SLUB: HWalign=64, Order=0-3, MinObjects=0, CPUs=4, Nodes=1
[    0.000000] Kernel/User page tables isolation: enabled
[    0.000000] Hierarchical RCU implementation.
[    0.000000] 	Build-time adjustment of leaf fanout to 64.
[    0.000000] 	RCU restricting CPUs from NR_CPUS=512 to nr_cpu_ids=4.
[    0.000000] RCU: Adjusting geometry for rcu_fanout_leaf=64, nr_cpu_ids=4
[    0.000000] NR_IRQS:33024 nr_irqs:456 16
[    0.000000] Console: colour VGA+ 80x25
[    0.000000] console [tty1] enabled
[    0.000000] console [ttyS0] enabled
[    0.000000] tsc: Detected 2807.998 MHz processor
[    0.764637] Calibrating delay loop (skipped) preset value.. 5615.99 BogoMIPS (lpj=11231992)
[    0.771543] pid_max: default: 32768 minimum: 301
[    0.775774] ACPI: Core revision 20150930
[    0.780271] ACPI: 2 ACPI AML tables successfully acquired and loaded
[    0.785968] Security Framework initialized
[    0.789162] Yama: becoming mindful.
[    0.792551] AppArmor: AppArmor initialized
[    0.795847] Dentry cache hash table entries: 262144 (order: 9, 2097152 bytes)
[    0.813580] Inode-cache hash table entries: 131072 (order: 8, 1048576 bytes)
[    0.823624] Mount-cache hash table entries: 4096 (order: 3, 32768 bytes)
[    0.830709] Mountpoint-cache hash table entries: 4096 (order: 3, 32768 bytes)
[    0.837330] Initializing cgroup subsys io
[    0.841048] Initializing cgroup subsys memory
[    0.845558] Initializing cgroup subsys devices
[    0.849110] Initializing cgroup subsys freezer
[    0.852500] Initializing cgroup subsys net_cls
[    0.855784] Initializing cgroup subsys perf_event
[    0.859084] Initializing cgroup subsys net_prio
[    0.862992] Initializing cgroup subsys hugetlb
[    0.867791] Initializing cgroup subsys pids
[    0.872615] mce: CPU supports 0 MCE banks
[    0.875665] Last level iTLB entries: 4KB 64, 2MB 8, 4MB 8
[    0.881592] Last level dTLB entries: 4KB 64, 2MB 0, 4MB 0, 1GB 4
[    0.886736] Spectre V1 : Mitigation: usercopy/swapgs barriers and __user pointer sanitization
[    0.894255] Spectre V2 : Mitigation: Full generic retpoline
[    0.900160] Spectre V2 : Spectre v2 / SpectreRSB mitigation: Filling RSB on context switch
[    0.906005] Speculative Store Bypass: Vulnerable
[    0.910404] MDS: Vulnerable: Clear CPU buffers attempted, no microcode
[    0.937779] Freeing SMP alternatives memory: 36K
[    0.987321] ftrace: allocating 32346 entries in 127 pages
[    1.586449] smpboot: APIC(0) Converting physical 0 to logical package 0
[    1.592085] smpboot: Max logical packages: 1
[    1.610944] ..TIMER: vector=0x30 apic1=0 pin1=2 apic2=-1 pin2=-1
[    1.725079] smpboot: CPU0: Intel(R) Core(TM) i7-7700HQ CPU @ 2.80GHz (family: 0x6, model: 0x9e, stepping: 0x9)
[    1.737042] Performance Events: unsupported p6 CPU model 158 no PMU driver, software events only.
[    1.797199] KVM setup paravirtual spinlock
[    1.804115] x86: Booting SMP configuration:
[    1.808177] .... node  #0, CPUs:      #1
[    1.812758] kvm-clock: cpu 1, msr 0:7ffe3041, secondary cpu clock
[    1.817074] mce: CPU supports 0 MCE banks
[    1.821089] TSC synchronization [CPU#0 -> CPU#1]:
[    1.825564] Measured 62735 cycles TSC warp between CPUs, turning off TSC clock.
[    1.832620] tsc: Marking TSC unstable due to check_tsc_sync_source failed
[    0.460000]  #2
[    0.004000] kvm-clock: cpu 2, msr 0:7ffe3081, secondary cpu clock
[    0.004000] mce: CPU supports 0 MCE banks
[    0.467934]  #3
[    0.004000] kvm-clock: cpu 3, msr 0:7ffe30c1, secondary cpu clock
[    0.004000] mce: CPU supports 0 MCE banks
[    0.476123] x86: Booted up 1 node, 4 CPUs
[    0.479943] smpboot: Total of 4 processors activated (22463.98 BogoMIPS)
[    0.482393] devtmpfs: initialized
[    0.486160] evm: security.selinux
[    0.488004] evm: security.SMACK64
[    0.492002] evm: security.SMACK64EXEC
[    0.494733] evm: security.SMACK64TRANSMUTE
[    0.496002] evm: security.SMACK64MMAP
[    0.498717] evm: security.ima
[    0.500002] evm: security.capability
[    0.504828] clocksource: jiffies: mask: 0xffffffff max_cycles: 0xffffffff, max_idle_ns: 7645041785100000 ns
[    0.508122] futex hash table entries: 1024 (order: 4, 65536 bytes)
[    0.513484] pinctrl core: initialized pinctrl subsystem
[    0.516246] RTC time: 14:42:38, date: 11/29/20
[    0.521285] NET: Registered protocol family 16
[    0.536008] cpuidle: using governor ladder
[    0.548009] cpuidle: using governor menu
[    0.551465] PCCT header not found.
[    0.552164] ACPI: bus type PCI registered
[    0.556003] acpiphp: ACPI Hot Plug PCI Controller Driver version: 0.5
[    0.560367] PCI: Using configuration type 1 for base access
[    0.589152] ACPI: Added _OSI(Module Device)
[    0.592005] ACPI: Added _OSI(Processor Device)
[    0.596003] ACPI: Added _OSI(3.0 _SCP Extensions)
[    0.600002] ACPI: Added _OSI(Processor Aggregator Device)
[    0.605274] ACPI: Executed 1 blocks of module-level executable AML code
[    0.615173] ACPI: Interpreter enabled
[    0.616014] ACPI: (supports S0 S5)
[    0.620005] ACPI: Using IOAPIC for interrupt routing
[    0.624000] PCI: Using host bridge windows from ACPI; if necessary, use "pci=nocrs" and report a bug
[    0.632000] ACPI: PCI Root Bridge [PCI0] (domain 0000 [bus 00-ff])
[    0.632008] acpi PNP0A03:00: _OSC: OS supports [ASPM ClockPM Segments MSI]
[    0.636802] acpi PNP0A03:00: _OSC: not requesting OS control; OS requires [ExtendedConfig ASPM ClockPM MSI]
[    0.640013] acpi PNP0A03:00: fail to add MMCONFIG information, can't access extended PCI configuration space under this bridge.
[    0.644481] PCI host bridge to bus 0000:00
[    0.648004] pci_bus 0000:00: root bus resource [io  0x0000-0x0cf7 window]
[    0.652004] pci_bus 0000:00: root bus resource [io  0x0d00-0xffff window]
[    0.656005] pci_bus 0000:00: root bus resource [mem 0x000a0000-0x000bffff window]
[    0.660003] pci_bus 0000:00: root bus resource [mem 0x80000000-0xfdffffff window]
[    0.664007] pci_bus 0000:00: root bus resource [bus 00-ff]
[    0.673048] pci 0000:00:01.1: legacy IDE quirk: reg 0x10: [io  0x01f0-0x01f7]
[    0.676003] pci 0000:00:01.1: legacy IDE quirk: reg 0x14: [io  0x03f6]
[    0.680005] pci 0000:00:01.1: legacy IDE quirk: reg 0x18: [io  0x0170-0x0177]
[    0.684003] pci 0000:00:01.1: legacy IDE quirk: reg 0x1c: [io  0x0376]
[    0.749025] pci 0000:00:07.0: quirk: [io  0x4000-0x403f] claimed by PIIX4 ACPI
[    0.752038] pci 0000:00:07.0: quirk: [io  0x4100-0x410f] claimed by PIIX4 SMB
[    0.761767] ACPI: PCI Interrupt Link [LNKA] (IRQs 5 9 10 *11)
[    0.768373] ACPI: PCI Interrupt Link [LNKB] (IRQs 5 9 *10 11)
[    0.777053] ACPI: PCI Interrupt Link [LNKC] (IRQs 5 *9 10 11)
[    0.782966] ACPI: PCI Interrupt Link [LNKD] (IRQs 5 9 10 *11)
[    0.788228] ACPI: Enabled 2 GPEs in block 00 to 07
[    0.792545] vgaarb: setting as boot device: PCI:0000:00:02.0
[    0.796000] vgaarb: device added: PCI:0000:00:02.0,decodes=io+mem,owns=io+mem,locks=none
[    0.796005] vgaarb: loaded
[    0.798445] vgaarb: bridge control possible 0000:00:02.0
[    0.800491] SCSI subsystem initialized
[    0.808205] ACPI: bus type USB registered
[    0.812020] usbcore: registered new interface driver usbfs
[    0.816031] usbcore: registered new interface driver hub
[    0.820255] usbcore: registered new device driver usb
[    0.828380] PCI: Using ACPI for IRQ routing
[    0.832578] NetLabel: Initializing
[    0.835498] NetLabel:  domain hash size = 128
[    0.836003] NetLabel:  protocols = UNLABELED CIPSOv4
[    0.840017] NetLabel:  unlabeled traffic allowed by default
[    0.848046] amd_nb: Cannot enumerate AMD northbridges
[    0.852272] clocksource: Switched to clocksource kvm-clock
[    0.890585] AppArmor: AppArmor Filesystem Enabled
[    0.895295] pnp: PnP ACPI init
[    0.898838] pnp: PnP ACPI: found 3 devices
[    0.956824] clocksource: acpi_pm: mask: 0xffffff max_cycles: 0xffffff, max_idle_ns: 2085701024 ns
[    0.960775] NET: Registered protocol family 2
[    0.970882] TCP established hash table entries: 16384 (order: 5, 131072 bytes)
[    0.973753] TCP bind hash table entries: 16384 (order: 6, 262144 bytes)
[    0.973753] TCP: Hash tables configured (established 16384 bind 16384)
[    0.973753] UDP hash table entries: 1024 (order: 3, 32768 bytes)
[    0.973753] UDP-Lite hash table entries: 1024 (order: 3, 32768 bytes)
[    0.973753] NET: Registered protocol family 1
[    0.973753] pci 0000:00:00.0: Limiting direct PCI/PCI transfers
[    0.973753] pci 0000:00:01.0: Activating ISA DMA hang workarounds
[    0.973753] Unpacking initramfs...
[    1.096079] Freeing initrd memory: 14880K
[    1.096079] clocksource: tsc: mask: 0xffffffffffffffff max_cycles: 0x2879c456dd4, max_idle_ns: 440795285767 ns
[    1.096079] platform rtc_cmos: registered platform RTC device (no PNP device found)
[    1.096079] Scanning for low memory corruption every 60 seconds
[    1.474577] audit: initializing netlink subsys (disabled)
[    1.480054] audit: type=2000 audit(1606660963.940:1): initialized
[    1.486414] Initialise system trusted keyring
[    1.502335] HugeTLB registered 2 MB page size, pre-allocated 0 pages
[    1.509665] zbud: loaded
[    1.513161] VFS: Disk quotas dquot_6.6.0
[    1.516712] VFS: Dquot-cache hash table entries: 512 (order 0, 4096 bytes)
[    1.524017] squashfs: version 4.0 (2009/01/31) Phillip Lougher
[    1.530989] fuse init (API version 7.23)
[    1.536615] Key type big_key registered
[    1.539744] Allocating IMA MOK and blacklist keyrings.
[    1.562125] Key type asymmetric registered
[    1.565855] Asymmetric key parser 'x509' registered
[    1.570758] Block layer SCSI generic (bsg) driver version 0.4 loaded (major 249)
[    1.579320] io scheduler noop registered
[    1.584477] io scheduler deadline registered (default)
[    1.589061] io scheduler cfq registered
[    1.592613] pci_hotplug: PCI Hot Plug PCI Core version: 0.5
[    1.597480] pciehp: PCI Express Hot Plug Controller Driver version: 0.4
[    1.604725] ACPI: AC Adapter [AC] (on-line)
[    1.608130] input: Power Button as /devices/LNXSYSTM:00/LNXPWRBN:00/input/input0
[    1.614679] ACPI: Power Button [PWRF]
[    1.617978] input: Sleep Button as /devices/LNXSYSTM:00/LNXSLPBN:00/input/input1
[    1.625962] ACPI: Sleep Button [SLPF]
[    1.632978] GHES: HEST is not enabled!
[    1.634201] ACPI: Battery Slot [BAT0] (battery present)
[    1.641736] Serial: 8250/16550 driver, 32 ports, IRQ sharing enabled
[    1.673019] 00:02: ttyS0 at I/O 0x3f8 (irq = 4, base_baud = 115200) is a 16550A
[    1.695321] Linux agpgart interface v0.103
[    1.719470] loop: module loaded
[    1.729084] scsi host0: ata_piix
[    1.733942] scsi host1: ata_piix
[    1.736932] ata1: PATA max UDMA/33 cmd 0x1f0 ctl 0x3f6 bmdma 0xd000 irq 14
[    1.737783] ata2: PATA max UDMA/33 cmd 0x170 ctl 0x376 bmdma 0xd008 irq 15
[    1.748394] libphy: Fixed MDIO Bus: probed
[    1.753979] tun: Universal TUN/TAP device driver, 1.6
[    1.758727] tun: (C) 1999-2004 Max Krasnyansky <maxk@qualcomm.com>
[    1.764592] PPP generic driver version 2.4.2
[    1.770485] ehci_hcd: USB 2.0 'Enhanced' Host Controller (EHCI) Driver
[    1.774383] ehci-pci: EHCI PCI platform driver
[    1.774383] ehci-platform: EHCI generic platform driver
[    1.774383] ohci_hcd: USB 1.1 'Open' Host Controller (OHCI) Driver
[    1.774383] ohci-pci: OHCI PCI platform driver
[    1.774383] ohci-platform: OHCI generic platform driver
[    1.774383] uhci_hcd: USB Universal Host Controller Interface driver
[    1.774383] i8042: PNP: PS/2 Controller [PNP0303:PS2K,PNP0f03:PS2M] at 0x60,0x64 irq 1,12
[    1.814153] serio: i8042 KBD port at 0x60,0x64 irq 1
[    1.818475] serio: i8042 AUX port at 0x60,0x64 irq 12
[    1.824163] mousedev: PS/2 mouse device common for all mice
[    1.833232] rtc_cmos rtc_cmos: rtc core: registered rtc_cmos as rtc0
[    1.843091] rtc_cmos rtc_cmos: alarms up to one day, 114 bytes nvram
[    1.849416] i2c /dev entries driver
[    1.853848] input: AT Translated Set 2 keyboard as /devices/platform/i8042/serio0/input/input2
[    1.857729] device-mapper: uevent: version 1.0.3
[    1.866190] device-mapper: ioctl: 4.34.0-ioctl (2015-10-28) initialised: dm-devel@redhat.com
[    1.873302] ledtrig-cpu: registered to indicate activity on CPUs
[    1.882216] NET: Registered protocol family 10
[    1.888627] NET: Registered protocol family 17
[    1.892230] Key type dns_resolver registered
[    1.899214] registered taskstats version 1
[    1.903000] Loading compiled-in X.509 certificates
[    1.907067] Loaded X.509 cert 'Build time autogenerated kernel key: 12717d7bded22cc9f4c9021cf049cb5c0a2cb7b0'
[    1.919255] zswap: loaded using pool lzo/zbud
[    1.968385] Key type trusted registered
[    1.981714] Key type encrypted registered
[    1.985619] AppArmor: AppArmor sha1 policy hashing enabled
[    1.990400] ima: No TPM chip found, activating TPM-bypass!
[    1.995292] ima: Allocated hash algorithm: sha1
[    1.999100] evm: HMAC attrs: 0x1
[    2.002624]   Magic number: 12:380:739
[    2.006365] rtc_cmos rtc_cmos: setting system clock to 2020-11-29 14:42:39 UTC (1606660959)
[    2.014305] BIOS EDD facility v0.16 2004-Jun-25, 0 devices found
[    2.020184] EDD information not available.
[    2.025704] Freeing unused kernel memory: 1492K
[    2.052730] Write protecting the kernel read-only data: 14336k
[    2.060042] Freeing unused kernel memory: 1588K
[    2.065392] Freeing unused kernel memory: 56K
Loading, please wait...
starting version 229
[    2.097022] random: systemd-udevd: uninitialized urandom read (16 bytes read, 5 bits of entropy available)
[    2.097367] random: udevadm: uninitialized urandom read (16 bytes read, 5 bits of entropy available)
[    2.097381] random: udevadm: uninitialized urandom read (16 bytes read, 5 bits of entropy available)
[    2.109317] random: udevadm: uninitialized urandom read (16 bytes read, 5 bits of entropy available)
[    2.109351] random: udevadm: uninitialized urandom read (16 bytes read, 5 bits of entropy available)
[    2.109605] random: udevadm: uninitialized urandom read (16 bytes read, 5 bits of entropy available)
[    2.109645] random: udevadm: uninitialized urandom read (16 bytes read, 5 bits of entropy available)
[    2.109715] random: udevadm: uninitialized urandom read (16 bytes read, 5 bits of entropy available)
[    2.109753] random: udevadm: uninitialized urandom read (16 bytes read, 5 bits of entropy available)
[    2.109787] random: udevadm: uninitialized urandom read (16 bytes read, 5 bits of entropy available)
[    2.253362] Fusion MPT base driver 3.04.20
[    2.261935] Copyright (c) 1999-2008 LSI Corporation
[    2.274110] e1000: Intel(R) PRO/1000 Network Driver - version 7.3.21-k8-NAPI
[    2.283512] e1000: Copyright (c) 1999-2006 Intel Corporation.
[    2.316292] Fusion MPT SPI Host driver 3.04.20
[    2.565559] input: ImExPS/2 Generic Explorer Mouse as /devices/platform/i8042/serio1/input/input4
[    3.006960] e1000 0000:00:03.0 eth0: (PCI:33MHz:32-bit) 02:52:c9:cb:9b:b8
[    3.014783] e1000 0000:00:03.0 eth0: Intel(R) PRO/1000 Network Connection
[    3.024088] e1000 0000:00:03.0 enp0s3: renamed from eth0
[    3.024742] mptbase: ioc0: Initiating bringup
[    3.104159] ioc0: LSI53C1030 A0: Capabilities={Initiator}
[    3.381869] scsi host2: ioc0: LSI53C1030 A0, FwRev=00000000h, Ports=1, MaxQ=256, IRQ=20
[    3.541464] scsi 2:0:0:0: Direct-Access     VBOX     HARDDISK         1.0  PQ: 0 ANSI: 5
[    3.559227] scsi target2:0:0: Beginning Domain Validation
[    3.580823] scsi target2:0:0: Domain Validation skipping write tests
[    3.588456] scsi target2:0:0: Ending Domain Validation
[    3.594118] scsi target2:0:0: asynchronous
[    3.602264] scsi 2:0:1:0: Direct-Access     VBOX     HARDDISK         1.0  PQ: 0 ANSI: 5
[    3.606181] scsi target2:0:1: Beginning Domain Validation
[    3.625867] scsi target2:0:1: Domain Validation skipping write tests
[    3.629791] scsi target2:0:1: Ending Domain Validation
[    3.635337] scsi target2:0:1: asynchronous
[    3.690206] sd 2:0:0:0: Attached scsi generic sg0 type 0
[    3.696963] sd 2:0:0:0: [sda] 167772160 512-byte logical blocks: (85.9 GB/80.0 GiB)
[    3.705345] sd 2:0:1:0: Attached scsi generic sg1 type 0
[    3.705973] sd 2:0:1:0: [sdb] 20480 512-byte logical blocks: (10.5 MB/10.0 MiB)
[    3.707854] sd 2:0:1:0: [sdb] Write Protect is off
[    3.708963] sd 2:0:1:0: [sdb] Incomplete mode parameter data
[    3.708965] sd 2:0:1:0: [sdb] Assuming drive cache: write through
[    3.712583] sd 2:0:0:0: [sda] Write Protect is off
[    3.713854] sd 2:0:0:0: [sda] Incomplete mode parameter data
[    3.713856] sd 2:0:0:0: [sda] Assuming drive cache: write through
[    3.720995]  sda: sda1
[    3.721706] sd 2:0:1:0: [sdb] Attached SCSI disk
[    3.725610] sd 2:0:0:0: [sda] Attached SCSI disk
Begin: Loading essential drivers ... [    5.559232] md: linear personality registered for level -1
[    5.572113] md: multipath personality registered for level -4
[    5.591061] md: raid0 personality registered for level 0
[    5.619427] md: raid1 personality registered for level 1
[    5.708431] raid6: sse2x1   gen() 10173 MB/s
[    5.780746] raid6: sse2x1   xor()  8237 MB/s
[    5.852932] raid6: sse2x2   gen() 13104 MB/s
[    5.924173] raid6: sse2x2   xor()  8984 MB/s
[    5.992168] raid6: sse2x4   gen() 13811 MB/s
[    6.060231] raid6: sse2x4   xor()  9040 MB/s
[    6.064345] raid6: using algorithm sse2x4 gen() 13811 MB/s
[    6.069184] raid6: .... xor() 9040 MB/s, rmw enabled
[    6.073371] raid6: using ssse3x2 recovery algorithm
[    6.080801] xor: measuring software checksum speed
[    6.124355]    prefetch64-sse: 20072.000 MB/sec
[    6.168407]    generic_sse: 20093.000 MB/sec
[    6.172755] xor: using function: generic_sse (20093.000 MB/sec)
[    6.181756] async_tx: api initialized (async)
[    6.255735] md: raid6 personality registered for level 6
[    6.260919] md: raid5 personality registered for level 5
[    6.265079] md: raid4 personality registered for level 4
[    6.297648] md: raid10 personality registered for level 10
done.
Begin: Running /scripts/init-premount ... done.
Begin: Mounting root file system ... Begin: Running /scripts/local-top ... done.
Begin: Running /scripts/local-premount ... [    6.369897] Btrfs loaded
Scanning for Btrfs filesystems
done.
Warning: fsck not present, so skipping root file system
[    6.452015] EXT4-fs (sda1): mounted filesystem with ordered data mode. Opts: (null)
done.
Begin: Running /scripts/local-bottom ... done.
Begin: Running /scripts/init-bottom ... done.
[    6.695711] systemd[1]: systemd 229 running in system mode. (+PAM +AUDIT +SELINUX +IMA +APPARMOR +SMACK +SYSVINIT +UTMP +LIBCRYPTSETUP +GCRYPT +GNUTLS +ACL +XZ -LZ4 +SECCOMP +BLKID +ELFUTILS +KMOD -IDN)
[    6.712106] systemd[1]: Detected virtualization oracle.
[    6.716041] systemd[1]: Detected architecture x86-64.

Welcome to [1mUbuntu 16.04.7 LTS[0m!

[    6.731150] systemd[1]: Set hostname to <ubuntu-xenial>.
[    7.319354] systemd[1]: Listening on /dev/initctl Compatibility Named Pipe.
[[0;32m  OK  [0m] Listening on /dev/initctl Compatibility Named Pipe.
[    7.332141] systemd[1]: Listening on udev Control Socket.
[[0;32m  OK  [0m] Listening on udev Control Socket.
[    7.340870] systemd[1]: Reached target User and Group Name Lookups.
[[0;32m  OK  [0m] Reached target User and Group Name Lookups.
[    7.350120] systemd[1]: Listening on LVM2 metadata daemon socket.
[[0;32m  OK  [0m] Listening on LVM2 metadata daemon socket.
[    7.360549] systemd[1]: Listening on Journal Audit Socket.
[[0;32m  OK  [0m] Listening on Journal Audit Socket.
[    7.369896] systemd[1]: Created slice User and Session Slice.
[[0;32m  OK  [0m] Created slice User and Session Slice.
[    7.377931] systemd[1]: Reached target Encrypted Volumes.
[[0;32m  OK  [0m] Reached target Encrypted Volumes.
[    7.386680] systemd[1]: Listening on Syslog Socket.
[[0;32m  OK  [0m] Listening on Syslog Socket.
[    7.394963] systemd[1]: Created slice System Slice.
[[0;32m  OK  [0m] Created slice System Slice.
[    7.403923] systemd[1]: Created slice system-serial\x2dgetty.slice.
[[0;32m  OK  [0m] Created slice system-serial\x2dgetty.slice.
[    7.414234] systemd[1]: Started Forward Password Requests to Wall Directory Watch.
[[0;32m  OK  [0m] Started Forward Password Requests to Wall Directory Watch.
[    7.425480] systemd[1]: Started Trigger resolvconf update for networkd DNS.
[[0;32m  OK  [0m] Started Trigger resolvconf update for networkd DNS.
[    7.435509] systemd[1]: Reached target Slices.
[[0;32m  OK  [0m] Reached target Slices.
[    7.443873] systemd[1]: Set up automount Arbitrary Executable File Formats File System Automount Point.
[[0;32m  OK  [0m] Set up automount Arbitrary Executab...ats File System Automount Point.
[    7.456654] systemd[1]: Listening on LVM2 poll daemon socket.
[[0;32m  OK  [0m] Listening on LVM2 poll daemon socket.
[    7.465445] systemd[1]: Listening on Device-mapper event daemon FIFOs.
[[0;32m  OK  [0m] Listening on Device-mapper event daemon FIFOs.
[    7.474441] systemd[1]: Reached target System Time Synchronized.
[[0;32m  OK  [0m] Reached target System Time Synchronized.
[    7.497060] systemd[1]: Listening on Journal Socket.
[[0;32m  OK  [0m] Listening on Journal Socket.
[    7.534047] systemd[1]: Starting Set console keymap...
         Starting Set console keymap...
[    7.558824] systemd[1]: Starting Uncomplicated firewall...
         Starting Uncomplicated firewall...
[    7.572602] systemd[1]: Mounting Debug File System...
         Mounting Debug File System...
[    7.582164] systemd[1]: Mounting POSIX Message Queue File System...
         Mounting POSIX Message Queue File System...
[    7.596732] systemd[1]: Starting Load Kernel Modules...
         Starting Load Kernel Modules...
[    7.609214] systemd[1]: Starting Monitoring of LVM2 mirrors, snapshots etc. using dmeventd or progress polling...
         Starting Monitoring of LVM2 mirrors... dmeventd or progress polling...
[    7.643568] systemd[1]: Starting Nameserver information manager...
         Starting Nameserver information manager...
[    7.671388] systemd[1]: Starting Remount Root and Kernel File Systems...
[    7.679180] EXT4-fs (sda1): re-mounted. Opts: (null)
[    7.679703] Loading iSCSI transport class v2.0-870.
         Starting Remount Root and Kernel File Systems...
[    7.698081] systemd[1]: Listening on Journal Socket (/dev/log).
[[0;32m  OK  [0m] Listening on Journal Socket (/dev/log).
[    7.716152] iscsi: registered transport (tcp)
[    7.728319] systemd[1]: Mounting Huge Pages File System...
         Mounting Huge Pages File System...
[    7.741185] systemd[1]: Reached target Swap.
[[0;32m  OK  [0m] Reached target Swap.
[    7.750532] systemd[1]: Listening on udev Kernel Socket.
[[0;32m  OK  [0m] Listening on udev Kernel Socket.
[    7.761679] systemd[1]: Starting Journal Service...
         Starting Journal Service...
[    7.778844] systemd[1]: Starting Create list of required static device nodes for the current kernel...
         Starting Create list of required st... nodes for the current kernel...
[    7.801409] systemd[1]: Mounted POSIX Message Queue File System.
[[0;32m  OK  [0m] Mounted POSIX Message Queue File System.
[    7.819177] systemd[1]: Mounted Debug File System.
[[0;32m  OK  [0m] Mounted Debug File System.
[    7.832519] systemd[1]: Mounted Huge Pages File System.
[[0;32m  OK  [0m] Mounted Huge Pages File System.
[    7.848521] systemd[1]: Started Journal Service.
[[0;32m  OK  [0m] Started Journal Service.
[[0;32m  OK  [0m] Started Set console keymap.
[[0;32m  OK  [0m] Started Uncompli[    7.887141] iscsi: registered transport (iser)
cated firewall.
[[0;32m  OK  [0m] Started Load Kernel Modules.
[[0;32m  OK  [0m] Started Remount Root and Kernel File Systems.
[[0;32m  OK  [0m] Started Create list of required sta...ce nodes for the current kernel.
[[0;32m  OK  [0m] Started Nameserver information manager.
[[0;32m  OK  [0m] Started LVM2 metadata daemon.
         Starting Create Static Device Nodes in /dev...
         Starting Load/Save Random Seed...
         Starting udev Coldplug all Devices...
         Starting Apply Kernel Variables...
         Mounting FUSE Control File System...
         Starting Flush Journal to Persistent Storage...
[[0;32m  OK  [0m] Mounted FUSE Control File System.
[    8.025844] random: nonblocking pool is initialized
[[0;32m  OK  [0m] Started Load/Save Random Seed.
[[0;32m  OK  [0m] Started Create Static Device Nodes in /dev.
[[0;32m  OK  [0m] Started Apply Kernel Variables.
         Starting udev Kernel Device Manager...
[[0;32m  OK  [0m] Started Flush Journal to Persistent Storage.
[[0;32m  OK  [0m] Started udev Kernel Device Manager.
[[0;32m  OK  [0m] Started udev Coldplug all Devices.
[[0;32m  OK  [0m] Started Dispatch Password Requests to Console Directory Watch.
[[0;32m  OK  [0m] Found device /dev/ttyS0.
[[0;32m  OK  [0m] Started Monitoring of LVM2 mirrors,...ng dmeventd or progress polling.
[[0;32m  OK  [0m] Reached target Local File Systems (Pre).
[[0;32m  OK  [0m] Reached target Local File Systems.
         Starting LSB: AppArmor initialization...
         Starting Create Volatile Files and Directories...
         Starting Tell Plymouth To Write Out Runtime Data...
         Starting Set console font and keymap...
         Starting Initial cloud-init job (pre-networking)...
         Mounting /workspace...
         Mounting /vagrant...
[[0;32m  OK  [0m] Listening on Load/Save RF Kill Switch Status /dev/rfkill Watch.
[[0;32m  OK  [0m] Started Create Volatile Files and Directories.
[[0;32m  OK  [0m] Started Tell Plymouth To Write Out Runtime Data.
[[0;1;31mFAILED[0m] Failed to mount /workspace.
See 'systemctl status workspace.mount' for details.
[[0;1;31mFAILED[0m] Failed to mount /vagrant.
See 'systemctl status vagrant.mount' for details.
[   11.698628] cloud-init[620]: Cloud-init v. 20.3-2-g371b392c-0ubuntu1~16.04.1 running 'init-local' at Sun, 29 Nov 2020 14:42:48 +0000. Up 11.09 seconds.
         Starting Update UTMP about System Boot/Shutdown...
[[0;32m  OK  [0m] Started LSB: AppArmor initialization.
[[0;32m  OK  [0m] Started Initial cloud-init job (pre-networking).
[[0;32m  OK  [0m] Started Update UTMP about System Boot/Shutdown.
[[0;32m  OK  [0m] Started Set console font and keymap.
[[0;32m  OK  [0m] Found device 82540EM Gigabit Ethern...r (PRO/1000 MT Desktop Adapter).
[[0;32m  OK  [0m] Created slice system-getty.slice.
[[0;32m  OK  [0m] Reached target Network (Pre).
         Starting Raise network interfaces...
[[0;32m  OK  [0m] Started ifup for enp0s3.
         Starting Load AppArmor profiles managed internally by snapd...
[[0;32m  OK  [0m] Started Load AppArmor profiles managed internally by snapd.
[[0;32m  OK  [0m] Started Raise network interfaces.
[[0;32m  OK  [0m] Reached target Network.
         Starting Initial cloud-init job (metadata service crawler)...
[   12.865208] cloud-init[988]: Cloud-init v. 20.3-2-g371b392c-0ubuntu1~16.04.1 running 'init' at Sun, 29 Nov 2020 14:42:50 +0000. Up 12.53 seconds.
[   12.875129] cloud-init[988]: ci-info: ++++++++++++++++++++++++++++++++++++++Net device info++++++++++++++++++++++++++++++++++++++
[   12.882800] cloud-init[988]: ci-info: +--------+------+----------------------------+---------------+--------+-------------------+
[   12.893857] cloud-init[988]: ci-info: | Device |  Up  |          Address           |      Mask     | Scope  |     Hw-Address    |
[   12.901714] cloud-init[988]: [[0;32m  OK  [0m] Started Initial cloud-init job (metadata service crawler).
[[0;32m  OK  [0m] Reached target Cloud-config availability.
[[0;32m  OK  [0m] Reached target System Initialization.
ci-info: +--------+------+----------------------------+---------------+--------+-------------------+
[   12.916398] [cloud-init[0;32m  OK  [0m[988]: ] ci-info: | enp0s3 | True |         10.0.2.15          | 255.255.255.0 | global | 02:52:c9:cb:9b:b8 |Started ACPI Events Check.

[[   12.917350] [0;32m  OK  [0mcloud-init] [988]: Reached target Paths.ci-info: | enp0s3 | True | fe80::52:c9ff:fecb:9bb8/64 |       .       |  link  | 02:52:c9:cb:9b:b8 |

[   12.932469]          cloud-initStarting Docker Socket for the API.[988]: 
ci-info: |   lo   | True |         127.0.0.1          |   255.0.0.0   |  host  |         .         |
[   12.957463] cloud-init[988]: ci-info: |   lo   | True |          ::1/128           |       .       |  host  |         .         |
[   12.963199] cloud-init[988]: ci-info: +--------+------+----------------------------+---------------+--------+-------------------+
[   12.974003] cloud-init[988]: ci-info: +++++++++++++++++++++++++++Route IPv4 info++++++++++++++++++++++++++++
[   12.978930] [cloud-init[0;32m  OK  [0m[988]: ] ci-info: +-------+-------------+----------+---------------+-----------+-------+Started Clean PHP session files every 30 mins.

[   12.979799] cloud-init[988]: ci-info: | Route | Destination | Gateway  |    Genmask    | Interface | Flags |
[   13.009539]          cloud-initStarting LXD - unix socket.[988]: 
ci-info: +-------+-------------+----------+---------------+-----------+-------+
[   13.015222] cloud-init[988]: ci-info: |   0   |   0.0.0.0   | 10.0.2.2 |    0.0.0.0    |   enp0s3  |   UG  |
[[0;32m  OK  [0m] Listening on D-Bus System Message Bus Socket.
[   13.016638] cloud-init[988]: ci-info: |   1   |   10.0.2.0  | 0.0.0.0  | 255.255.255.0 |   enp0s3  |   U   |
[   13.025026] [cloud-init[0;32m  OK  [0m[988]: ] ci-info: +-------+-------------+----------+---------------+-----------+-------+Listening on UUID daemon activation socket.

[[0;32m  OK  [0m] Started Daily apt download activities.
[   13.025945] [cloud-init[0;32m  OK  [0m[988]: ] ci-info: +++++++++++++++++++Route IPv6 info+++++++++++++++++++Started Daily apt upgrade and clean activities.

[   13.041630] [cloud-init[0;32m  OK  [0m[988]: ] ci-info: +-------+-------------+---------+-----------+-------+Started Daily Cleanup of Temporary Directories.

[   13.047432] cloud-init[988]: ci-info: | Route | Destination | Gateway | Interface | Flags |
[   13.051411] [cloud-init[0;32m  OK  [0m[988]: ] ci-info: +-------+-------------+---------+-----------+-------+Started Message of the Day.

[   13.057758] [cloud-init[0;32m  OK  [0m[988]: ] ci-info: |   0   |  fe80::/64  |    ::   |   enp0s3  |   U   |Reached target Timers.

[   13.063127]          cloud-initStarting Socket activation for snappy daemon.[988]: 
ci-info: |   3   |   ff00::/8  |    ::   |   enp0s3  |   U   |
[   13.068760] [cloud-init[0;32m  OK  [0m[988]: ] ci-info: +-------+-------------+---------+-----------+-------+Listening on ACPID Listen Socket.

[[0;32m  OK  [0m] Reached target Network is Online.
         Starting iSCSI initiator daemon (iscsid)...
[[0;32m  OK  [0m] Listening on Docker Socket for the API.
[[0;32m  OK  [0m] Listening on LXD - unix socket.
[[0;32m  OK  [0m] Listening on Socket activation for snappy daemon.
[[0;32m  OK  [0m] Reached target Sockets.
[[0;32m  OK  [0m] Reached target Basic System.
         Starting Virtualbox guest utils...
[[0;32m  OK  [0m] Started ACPI event daemon.
         Starting LSB: MD monitoring daemon...
[[0;32m  OK  [0m] Started Deferred execution scheduler.
         Starting LSB: Record successful boot for GRUB...
         Starting System Logging Service...
         Starting Login Service...
[[0;32m  OK  [0m] Started D-Bus System Message Bus.
         Starting Snap Daemon...
         Starting /etc/rc.local Compatibility...
         Starting MySQL Community Server...
[[0;32m  OK  [0m] Started Regular background program processing daemon.
         Starting OpenBSD Secure Shell server...
         Starting Accounts Service...
         Starting containerd container runtime...
         Starting The PHP 7.4 FastCGI Process Manager...
         Starting LXD - container startup/shutdown...
[[0;32m  OK  [0m] Started FUSE filesystem for LXC.
[[0;32m  OK  [0m] Started System Logging Service.
[[0;32m  OK  [0m] Started iSCSI initiator daemon (iscsid).
[[0;32m  OK  [0m] Started /etc/rc.local Compatibility.
         Starting Login to default iSCSI targets...
[[0;32m  OK  [0m] Started Login Service.
[[0;32m  OK  [0m] Started OpenBSD Secure Shell server.
[[0;32m  OK  [0m] Started LSB: MD monitoring daemon.
[[0;32m  OK  [0m] Started LSB: Record successful boot for GRUB.
[[0;32m  OK  [0m] Started Unattended Upgrades Shutdown.
         Starting Authenticate and Authorize Users to Run Privileged Tasks...
[[0;32m  OK  [0m] Started Authenticate and Authorize Users to Run Privileged Tasks.
[[0;32m  OK  [0m] Started Virtualbox guest utils.
[[0;32m  OK  [0m] Started Login to default iSCSI targets.
[[0;32m  OK  [0m] Started Accounts Service.
[[0;32m  OK  [0m] Reached target Remote File Systems (Pre).
[[0;32m  OK  [0m] Reached target Remote File Systems.
         Starting LSB: automatic crash report generation...
         Starting Permit User Sessions...
         Starting LSB: Set up cgroupfs mounts....
         Starting LSB: Set the CPU Frequency Scaling governor to "ondemand"...
         Starting LSB: daemon to balance interrupts for SMP systems...
[[0;32m  OK  [0m] Started Permit User Sessions.
[[0;32m  OK  [0m] Started LSB: Set up cgroupfs mounts..
         Starting Terminate Plymouth Boot Screen...
         Starting Hold until boot process finishes up...
[[0;32m  OK  [0m] Started LXD - container startup/shutdown.
[[0;32m  OK  [0m] Started Terminate Plymouth Boot Screen.
[[0;32m  OK  [0m] Started Hold until boot process finishes up.
[[0;32m  OK  [0m] Started Getty on tty1.
         Starting Set console scheme...
[[0;32m  OK  [0m] Started Serial Getty on ttyS0.
[[0;32m  OK  [0m] Reached target Login Prompts.
[[0;32m  OK  [0m] Started LSB: Set the CPU Frequency Scaling governor to "ondemand".
[[0;32m  OK  [0m] Started LSB: daemon to balance interrupts for SMP systems.
[[0;32m  OK  [0m] Started Set console scheme.
[[0;32m  OK  [0m] Started LSB: automatic crash report generation.
[[0;32m  OK  [0m] Started Snap Daemon.
         Starting Wait until snapd is fully seeded...
[[0;32m  OK  [0m] Created slice User Slice of vagrant.
         Starting User Manager for UID 1000...
[[0;32m  OK  [0m] Started The PHP 7.4 FastCGI Process Manager.
[[0;32m  OK  [0m] Started Session 1 of user vagrant.
[[0;32m  OK  [0m] Started User Manager for UID 1000.
[[0;32m  OK  [0m] Started Wait until snapd is fully seeded.
         Starting Apply the settings specified in cloud-config...
[[0;32m  OK  [0m] Started containerd container runtime.
         Starting Docker Application Container Engine...
[   19.834487] cloud-init[1331]: Cloud-init v. 20.3-2-g371b392c-0ubuntu1~16.04.1 running 'modules:config' at Sun, 29 Nov 2020 14:42:56 +0000. Up 19.49 seconds.
[[0;32m  OK  [0m] Started Apply the settings specified in cloud-config.

Ubuntu 16.04.7 LTS ubuntu-xenial ttyS0

ubuntu-xenial login: [   22.593163] cloud-init[1704]: Cloud-init v. 20.3-2-g371b392c-0ubuntu1~16.04.1 running 'modules:final' at Sun, 29 Nov 2020 14:42:59 +0000. Up 22.40 seconds.
[   22.593369] cloud-init[1704]: Cloud-init v. 20.3-2-g371b392c-0ubuntu1~16.04.1 finished at Sun, 29 Nov 2020 14:43:00 +0000. Datasource DataSourceNoCloud [seed=/dev/sdb][dsmode=net].  Up 22.58 seconds
         Unmounting /workspace...
         Unmounting /vagrant...
         Stopping Session 3 of user vagrant.
[[0;32m  OK  [0m] Closed Load/Save RF Kill Switch Status /dev/rfkill Watch.
         Stopping Authenticate and Authorize Users to Run Privileged Tasks...
         Stopping User Manager for UID 1000...
         Stopping ACPI event daemon...
[[0;32m  OK  [0m] Stopped target Graphical Interface.
         Stopping Accounts Service...
[[0;32m  OK  [0m] Stopped target Timers.
[[0;32m  OK  [0m] Stopped Clean PHP session files every 30 mins.
[[0;32m  OK  [0m] Stopped Daily Cleanup of Temporary Directories.
[[0;32m  OK  [0m] Stopped Message of the Day.
[[0;32m  OK  [0m] Stopped Daily apt upgrade and clean activities.
[[0;32m  OK  [0m] Stopped Daily apt download activities.
[[0;32m  OK  [0m] Stopped target System Time Synchronized.
[[0;32m  OK  [0m] Stopped target Cloud-init target.
[[0;32m  OK  [0m] Stopped Execute cloud user/final scripts.
[[0;32m  OK  [0m] Stopped target Multi-User System.
         Stopping Virtualbox guest utils...
           Stopping LSB: automatic crash report generation...
         Stopping LSB: daemon to balance interrupts for SMP systems...
         Stopping The PHP 7.4 FastCGI Process Manager...
[[0;32m  OK  [0m] Stopped Apply the settings specified in cloud-config.
[[0;32m  OK  [0m] Stopped Wait until snapd is fully seeded.
[[0;32m  OK  [0m] Stopped target Cloud-config availability.
[[0;32m  OK  [0m] Unmounted /var/lib/lxcfs.
[[0;32m  OK  [0m] Stopped Deferred execution scheduler.
[[0;32m  OK  [0m] Stopped System Logging Service.
[[0;32m  OK  [0m] Stopped Regular background program processing daemon.
[[0;32m  OK  [0m] Stopped Accounts Service.
[[0;32m  OK  [0m] Stopped ACPI event daemon.
[[0;32m  OK  [0m] Stopped OpenBSD Secure Shell server.
[[0;32m  OK  [0m] Stopped Authenticate and Authorize Users to Run Privileged Tasks.
[[0;32m  OK  [0m] Stopped Getty on tty1.
[[0;32m  OK  [0m] Stopped Serial Getty on ttyS0.
[[0;32m  OK  [0m] Stopped Docker Application Container Engine.
[[0;32m  OK  [0m] Stopped User Manager for UID 1000.
[[0;32m  OK  [0m] Unmounted /workspace.
[[0;32m  OK  [0m] Unmounted /vagrant.
[[0;32m  OK  [0m] Stopped Session 3 of user vagrant.
[[0;32m  OK  [0m] Stopped LSB: Set up cgroupfs mounts..
[[0;32m  OK  [0m] Stopped D-Bus System Message Bus.
[[0;32m  OK  [0m] Stopped The PHP 7.4 FastCGI Process Manager.
[[0;32m  OK  [0m] Stopped FUSE filesystem for LXC.
[[0;32m  OK  [0m] Stopped LXD - container startup/shutdown.
[[0;32m  OK  [0m] Stopped LSB: MD monitoring daemon.
[[0;32m  OK  [0m] Stopped Virtualbox guest utils.
[[0;32m  OK  [0m] Stopped LSB: Record successful boot for GRUB.
[[0;32m  OK  [0m] Stopped LSB: Set the CPU Frequency Scaling governor to "ondemand".
[[0;32m  OK  [0m] Stopped LSB: automatic crash report generation.
[[0;32m  OK  [0m] Stopped LSB: daemon to balance interrupts for SMP systems.
[[0;32m  OK  [0m] Removed slice User Slice of vagrant.
         Stopping Login Service...
         Stopping containerd container runtime...
[[0;32m  OK  [0m] Removed slice system-serial\x2dgetty.slice.
[[0;32m  OK  [0m] Removed slice system-getty.slice.
         Stopping Permit User Sessions...
[[0;32m  OK  [0m] Stopped /etc/rc.local Compatibility.
[[0;32m  OK  [0m] Stopped containerd container runtime.
[[0;32m  OK  [0m] Stopped Permit User Sessions.
[[0;32m  OK  [0m] Stopped target Remote File Systems.
[[0;32m  OK  [0m] Stopped target Remote File Systems (Pre).
         Stopping Login to default iSCSI targets...
[[0;32m  OK  [0m] Stopped Login to default iSCSI targets.
[[0;32m  OK  [0m] Stopped Login Service.
[[0;32m  OK  [0m] Stopped target User and Group Name Lookups.
         Stopping iSCSI initiator daemon (iscsid)...
[[0;32m  OK  [0m] Stopped iSCSI initiator daemon (iscsid).
[[0;32m  OK  [0m] Stopped target Network is Online.
[[0;32m  OK  [0m] Stopped MySQL Community Server.
[[0;32m  OK  [0m] Stopped target Network.
[[0;32m  OK  [0m] Stopped target Basic System.
[[0;32m  OK  [0m] Stopped target Paths.
[[0;32m  OK  [0m] Stopped Dispatch Password Requests to Console Directory Watch.
[[0;32m  OK  [0m] Stopped Forward Password Requests to Wall Directory Watch.
[[0;32m  OK  [0m] Stopped ACPI Events Check.
[[0;32m  OK  [0m] Stopped target Slices.
[[0;32m  OK  [0m] Removed slice User and Session Slice.
[[0;32m  OK  [0m] Stopped target Sockets.
[[0;32m  OK  [0m] Closed Docker Socket for the API.
[[0;32m  OK  [0m] Closed UUID daemon activation socket.
[[0;32m  OK  [0m] Closed LXD - unix socket.
[[0;32m  OK  [0m] Closed ACPID Listen Socket.
[[0;32m  OK  [0m] Closed D-Bus System Message Bus Socket.
[[0;32m  OK  [0m] Closed Syslog Socket.
[[0;32m  OK  [0m] Closed Socket activation for snappy daemon.
[[0;32m  OK  [0m] Stopped target System Initialization.
         Stopping Load/Save Random Seed...
[[0;32m  OK  [0m] Stopped target Swap.
[[0;32m  OK  [0m] Stopped Initial cloud-init job (metadata service crawler).
         Stopping Raise network interfaces...
         Stopping Update UTMP about System Boot/Shutdown...
[[0;32m  OK  [0m] Stopped target Encrypted Volumes.
[[0;32m  OK  [0m] Stopped Load/Save Random Seed.
[[0;32m  OK  [0m] Stopped Update UTMP about System Boot/Shutdown.
[[0;32m  OK  [0m] Stopped Create Volatile Files and Directories.
[[0;32m  OK  [0m] Stopped Raise network interfaces.
[[0;32m  OK  [0m] Stopped Apply Kernel Variables.
[[0;32m  OK  [0m] Stopped target Network (Pre).
[[0;32m  OK  [0m] Stopped Initial cloud-init job (pre-networking).
[[0;32m  OK  [0m] Stopped target Local File Systems.
         Unmounting /run/user/1000...
[[0;32m  OK  [0m] Stopped Load Kernel Modules.
[[0;32m  OK  [0m] Unmounted /run/user/1000.
[[0;32m  OK  [0m] Reached target Unmount All Filesystems.
[[0;32m  OK  [0m] Stopped target Local File Systems (Pre).
         Stopping Monitoring of LVM2 mirrors... dmeventd or progress polling...
[[0;32m  OK  [0m] Stopped Remount Root and Kernel File Systems.
[[0;32m  OK  [0m] Stopped Create Static Device Nodes in /dev.
[[0;32m  OK  [0m] Reached target Shutdown.
[   87.330233] reboot: Power down
